// Jest Snapshot v1, https://goo.gl/fbAQLP

exports[`should render the error page correctly 1`] = `
<div>
  404! - 
  <NavLink
    to="/"
  >
    Go Home!
  </NavLink>
</div>
`;
